0 0 B-datetime_date I-datetime_date 0 0 0 0 0
B-name I-name I-name I-name
0 0 0 0 B-name I-name 0 0 0
0 B-name I-name I-name
B-name I-name I-name
B-name I-name I-name I-name I-name
B-name I-name I-name I-name
0 B-name I-name I-name 0 0
0 B-name I-name I-name I-name
0 0 0 0 0 B-name I-name I-name
0 0 B-name I-name I-name I-name 0 0
B-name I-name
B-name I-name I-name
B-name I-name I-name I-name I-name
0 0 B-name I-name I-name I-name I-name I-name I-name I-name
B-name I-name I-name I-name I-name 0 0
0 0 B-name I-name 0 0
0 0 B-name I-name I-name I-name I-name I-name I-name
0 0 B-name I-name I-name I-name I-name I-name
0 0 0 0 0 0 B-name I-name I-name 0
0 0 0 0 B-name I-name 0
0 0 0 0 B-name I-name
0 0 B-name I-name I-name 0 0
0 0 B-name I-name I-name I-name 0 0
0 0 B-name I-name
0 0 B-name I-name I-name I-name I-name I-name
0 B-name I-name I-name I-name
0 0 B-name I-name I-name I-name I-name I-name
0 0 B-name I-name I-name I-name I-name I-name I-name I-name I-name
0 0 B-name I-name I-name I-name
0 0 0 0 B-name I-name I-name I-name
0 B-name I-name 0 0
B-name I-name I-name I-name
B-name I-name I-name
B-name I-name
B-name I-name I-name I-name I-name
0 0 B-name I-name 0 0 0 0
0 0 0 0 B-name I-name I-name I-name
0 0 B-name I-name 0
0 0 0 0 B-name I-name
B-name I-name I-name I-name
B-name I-name I-name I-name
0 0 0 B-name I-name
你 帮 我 打 开 网 站
0 0 B-name I-name I-name 0 0
0 0 0 0 0 B-name I-name I-name
打 开 互 联 网 啦
0 B-name I-name I-name
B-name I-name I-name I-name I-name 0 0
0 0 0 0 0 0 B-name I-name
